[2026-03-04 15:31:09] 创建警报规则: price-monitor.js | 价格监控警报 | 间隔: 5分钟 | 生命周期: 2026-03-04
[2026-04-05 09:05:00] 警报设定完成
  规则名称: 止损预警警报-66000
  文件路径: skills/btc-alert/rules/2026-04-05-stoploss-warning-66000.js
  检查间隔: 3 分钟
  冷却时间: 30 分钟
  触发条件: 价格 <= $66,000
  有效期: 7天（持仓期间）

[2026-04-05 09:05:00] 警报设定完成
  规则名称: 重新突破EMA7警报-67320
  文件路径: skills/btc-alert/rules/2026-04-05-ema7-breakout-67320.js
  检查间隔: 3 分钟
  冷却时间: 60 分钟
  触发条件: 价格 >= $67,320
  有效期: 3天
[2026-04-07 09:06:32] 警报设定完成
  规则名称: 支撑位跌破警报-68000
  文件路径: skills/btc-alert/rules/2026-04-07-support-68000.js
  检查间隔: 3 分钟
  冷却时间: 60 分钟
  触发条件: 价格跌破 $68,000
  有效期: 当天有效
  
[2026-04-07 09:06:32] 警报设定完成
  规则名称: EMA20突破警报-68735
  文件路径: skills/btc-alert/rules/2026-04-07-resistance-ema20.js
  检查间隔: 3 分钟
  冷却时间: 60 分钟
  触发条件: 价格突破 EMA20($68,735)
  有效期: 当天有效
