[2026-04-17 21:03:45] 警报器管理开始 | 来源: daily-report-2100
[2026-04-17 21:03:45] 当前活跃规则: 3 个
[2026-04-17 21:03:45] 归档规则: 2026-04-17-resistance-76500.js | 原因: 阻力位$76,500已触及，目标失效
[2026-04-17 21:03:45] 新增规则: 2026-04-17-entry-75500.js | 目标: 入场监控$75,500做空触发
[2026-04-17 21:03:45] 保留规则: 2026-04-17-support-75000.js | 原因: 关键支撑，跌破确认假突破
[2026-04-17 21:03:45] 保留规则: 2026-04-16-oi-change.js | 原因: 监控资金流动
[2026-04-17 21:03:45] 当前活跃规则: 3 个 (支撑75000 + 入场75500 + OI变化)
[2026-04-17 21:03:45] 警报器管理完成[2026-04-18 09:07:30] 警报器管理开始 | 来源: daily-report
[2026-04-18 09:07:30] 当前活跃规则: 3 个
[2026-04-18 09:07:30] 归档规则: 2026-04-17-entry-75500.js | 原因: 建议sug-001止损触发，入场监控失效
[2026-04-18 09:07:30] 更新规则: 2026-04-16-oi-change.js | 操作: 移除旧持仓信息，周期已归档
[2026-04-18 09:07:30] 保留规则: 2026-04-17-support-75000.js | 原因: 5K仍是回调确认支撑位
[2026-04-18 09:07:30] 新增规则: 2026-04-18-resistance-78323.js | 目标: 监控8,323阻力位突破
[2026-04-18 09:07:30] 当前活跃规则: 3 个 (价格警报: 5K支撑 + 8.3K阻力 | 非价格警报: OI变化)
[2026-04-18 09:07:30] 警报器管理完成
[2026-04-18 09:09:00] 警报器管理开始 | 来源: daily-report-2026-04-18-0900
[2026-04-18 09:09:00] 当前活跃规则: 3个 (entry-75500, support-75000, oi-change)
[2026-04-18 09:09:00] 归档规则: 2026-04-17-entry-75500.js | 原因: 入场条件失效，建议sug-001已关闭
[2026-04-18 09:09:00] 归档规则: 2026-04-17-support-75000.js | 原因: $76,000是更近支撑（更优目标原则）
[2026-04-18 09:09:00] 新增规则: 2026-04-18-support-76000.js | 目标: 监控$76,000支撑（向下方向）
[2026-04-18 09:09:00] 新增规则: 2026-04-18-resistance-78323.js | 目标: 监控$78,323阻力（向上方向）
[2026-04-18 09:09:00] 保留规则: 2026-04-16-oi-change.js | 状态: 持仓量异动监控
[2026-04-18 09:09:00] 当前活跃规则: 3个 (support-76000, resistance-78323, oi-change)
[2026-04-18 09:09:00] 警报器管理完成
[2026-04-18 09:07:30] 警报器管理开始 | 来源: daily-report
[2026-04-18 09:07:30] 当前活跃规则: 3 个
[2026-04-18 09:07:30] 归档规则: 2026-04-17-entry-75500.js | 原因: 建议sug-001止损触发，入场监控失效
[2026-04-18 09:07:30] 更新规则: 2026-04-16-oi-change.js | 操作: 移除旧持仓信息，周期已归档
[2026-04-18 09:07:30] 保留规则: 2026-04-18-support-76000.js | 原因: $76K是回调确认支撑位
[2026-04-18 09:07:30] 新增规则: 2026-04-18-resistance-78323.js | 目标: 监控$78,323阻力位突破
[2026-04-18 09:07:30] 当前活跃规则: 3 个 (价格警报: $76K支撑 + $78.3K阻力 | 非价格警报: OI变化)
[2026-04-18 09:07:30] 警报器管理完成
[2026-04-18 19:45:00] 警报器管理完成
[2026-04-18 19:45:00] 警报器管理开始 | 来源: instant-report-2026-04-18-1940
[2026-04-18 19:45:00] 当前活跃规则: 3 个 (support-76000, resistance-78323, oi-change)
[2026-04-18 19:45:00] 归档规则: 2026-04-18-support-76000.js | 原因: 支撑位$76,000已跌破触发完成
[2026-04-18 19:45:00] 新增规则: 2026-04-18-support-75500.js | 目标: 监控$75,500支撑（24h最低点附近）
[2026-04-18 19:45:00] 保留规则: 2026-04-18-resistance-78323.js | 原因: 阻力位$78,323仍有效
[2026-04-18 19:45:00] 保留规则: 2026-04-16-oi-change.js | 原因: 非价格类警报仍有效
[2026-04-18 19:45:00] 当前活跃规则: 3 个 (support-75500, resistance-78323, oi-change)
[2026-04-18 19:45:00] 警报器管理完成
[2026-04-19 15:24:00] 警报器管理开始 | 来源: instant-report-2026-04-19-1523
[2026-04-19 15:24:00] 当前活跃规则: 2 个 (阻力-78323, 支撑-75000)
[2026-04-19 15:24:00] 归档规则: 2026-04-19-support-75000.js | 原因: $75,000已跌破，已触发，替换为更近支撑$74,500
[2026-04-19 15:24:00] 新增规则: 2026-04-19-support-74500.js | 目标: 监控$74,500斐波那契支撑跌破
[2026-04-19 15:24:00] 保持规则: 2026-04-18-resistance-78323.js | 原因: 向上方向唯一警报，目标仍有效
[2026-04-19 15:24:00] 当前活跃规则: 2 个 (阻力-78323, 支撑-74500)
[2026-04-19 15:24:00] 警报器管理完成
[2026-04-19 16:26:39] 警报器管理开始 | 来源: daily-report
[2026-04-19 16:26:39] 当前活跃规则: 2 个
[2026-04-19 16:26:39] 规则检查: 阻力位突破确认-78323 | 状态: active | 目标有效
[2026-04-19 16:26:39] 规则检查: 支撑位跌破确认-74500 | 状态: active | 目标有效
[2026-04-19 16:26:39] 归档规则: 无
[2026-04-19 16:26:39] 新增规则: 无 | 原因: 当前观望，无持仓建议
[2026-04-19 16:26:39] 当前活跃规则: 2 个 (价格警报: 2个，非价格警报: 0个)
[2026-04-19 16:26:39] 警报器管理完成
[2026-04-19 21:20:00] 警报器管理开始 | 来源: instant-report-2026-04-19-2119
[2026-04-19 21:20:00] 当前活跃规则: 3 个 (resistance-76000, support-74500, oi-drop-10pct)
[2026-04-19 21:20:00] 归档规则: 2026-04-19-resistance-76000.js | 原因: 阻力位$76,000已突破触发
[2026-04-19 21:20:00] 保留规则: 2026-04-19-support-74500.js | 原因: 止损位$74,500仍在有效范围内（距当前$75,908约-1.9%）
[2026-04-19 21:20:00] 保留规则: 2026-04-19-oi-drop-10pct.js | 原因: 资金撤离预警仍在有效期内，持仓量稳定但需监控
[2026-04-19 21:20:00] 不新增向上警报 | 原因: 止盈$77,000已有挂单保护，距离当前+$1,092，无需额外警报
[2026-04-19 21:20:00] 当前活跃规则: 2 个 (support-74500, oi-drop-10pct)
[2026-04-19 21:20:00] 警报器管理完成
